// Jest Snapshot v1, https://goo.gl/fbAQLP

exports[`TransactionCreateComponent should match snapshot 1`] = `
<app-txn-create-page
  __ngContext__={[Function LRootView]}
  error$={[Function Store]}
  store$={[Function MockStore]}
>
  <h3
    class="text-center"
  >
    Txn Create Page
  </h3><div
    class="d-flex justify-content-center"
  >
    <button>
      Transaction list
    </button>
    <button>
      Create Transaction
    </button>
  </div><app-txn-create />
</app-txn-create-page>
`;
